

==================================================================================
=== CALIBRE::DRC-H SUMMARY REPORT
===
Execution Date/Time:       Sun Jan 13 22:16:47 2019
Calibre Version:           v2011.2_34.26    Wed Jul 6 05:20:56 PDT 2011
Rule File Pathname:        /home/ichip/project/layout/test/_SmicDR10R_cal013_mixlog_p1mt8_2.5V.drc_
Rule File Title:           
Layout System:             GDS
Layout Path(s):            aes.calibre.db
Layout Primary Cell:       aes
Current Directory:         /home/ichip/project/layout/test
User Name:                 ichip
Maximum Results/RuleCheck: 1000
Maximum Result Vertices:   4096
DRC Results Database:      aes.drc.results (ASCII)
Layout Depth:              ALL
Text Depth:                PRIMARY
Summary Report File:       aes.drc.summary (REPLACE)
Geometry Flagging:         ACUTE = YES  SKEW = YES  ANGLED = NO  OFFGRID = NO
                           NONSIMPLE POLYGON = YES  NONSIMPLE PATH = NO
Excluded Cells:           
CheckText Mapping:         COMMENT TEXT + RULE FILE INFORMATION
Layers:                    MEMORY-BASED
Keep Empty Checks:         YES
----------------------------------------------------------------------------------
--- RUNTIME WARNINGS
---
ACUTE angle on layer M4ib at location (65.2,70) in cell PVSS2W.
ACUTE angle on layer M5ib at location (65.2,70) in cell PVSS2W.
ACUTE angle on layer M6ib at location (65.2,70) in cell PVSS2W.
ACUTE angle on layer M7ib at location (65.2,70) in cell PVSS2W.
ACUTE angle on layer M8ib at location (65.2,70) in cell PVSS2W.
ACUTE angle on layer M2ib at location (62.7,122.52) in cell PBD20W.
PROJECTING constraint only supported with PARALLEL ONLY - setting PARALLEL ONLY.
PROJECTING constraint only supported with PARALLEL ONLY - setting PARALLEL ONLY.
PROJECTING constraint only supported with PARALLEL ONLY - setting PARALLEL ONLY.
PROJECTING constraint only supported with PARALLEL ONLY - setting PARALLEL ONLY.
PROJECTING constraint only supported with PARALLEL ONLY - setting PARALLEL ONLY.
PROJECTING constraint only supported with PARALLEL ONLY - setting PARALLEL ONLY.
PROJECTING constraint only supported with PARALLEL ONLY - setting PARALLEL ONLY.
Layer TM2_9_G::<1> CREATED with an exclusive FLAT instantiation.
Layer PA_6::X CREATED with an exclusive FLAT instantiation.
----------------------------------------------------------------------------------
--- ORIGINAL LAYER STATISTICS
---
LAYER M1SLOT .... TOTAL Original Geometry Count = 0      (0)
LAYER M1ib ...... TOTAL Original Geometry Count = 10590  (248519)
LAYER M2SLOT .... TOTAL Original Geometry Count = 0      (0)
LAYER M2ib ...... TOTAL Original Geometry Count = 83976  (222054)
LAYER M3SLOT .... TOTAL Original Geometry Count = 0      (0)
LAYER M3ib ...... TOTAL Original Geometry Count = 54331  (148436)
LAYER M4SLOT .... TOTAL Original Geometry Count = 0      (0)
LAYER M4ib ...... TOTAL Original Geometry Count = 16976  (50831)
LAYER M5SLOT .... TOTAL Original Geometry Count = 0      (0)
LAYER M5ib ...... TOTAL Original Geometry Count = 3708   (14781)
LAYER M6SLOT .... TOTAL Original Geometry Count = 0      (0)
LAYER M6ib ...... TOTAL Original Geometry Count = 174    (5193)
LAYER M7SLOT .... TOTAL Original Geometry Count = 0      (0)
LAYER M7ib ...... TOTAL Original Geometry Count = 160    (5085)
LAYER M8SLOT .... TOTAL Original Geometry Count = 0      (0)
LAYER M8ib ...... TOTAL Original Geometry Count = 1131   (6055)
LAYER TM1SLOT ... TOTAL Original Geometry Count = 0      (0)
LAYER TM1aib .... TOTAL Original Geometry Count = 0      (0)
LAYER TM2SLOT ... TOTAL Original Geometry Count = 0      (0)
LAYER TM2aib .... TOTAL Original Geometry Count = 0      (0)
LAYER M8DUM ..... TOTAL Original Geometry Count = 0      (0)
LAYER TM2DUMi ... TOTAL Original Geometry Count = 0      (0)
LAYER MARKS ..... TOTAL Original Geometry Count = 0      (0)
LAYER EXCLU ..... TOTAL Original Geometry Count = 0      (0)
LAYER MOMDMYi ... TOTAL Original Geometry Count = 0      (0)
LAYER MOMMK1i ... TOTAL Original Geometry Count = 0      (0)
LAYER MOMMK2i ... TOTAL Original Geometry Count = 0      (0)
LAYER MOMMK3i ... TOTAL Original Geometry Count = 0      (0)
LAYER MOMMK4i ... TOTAL Original Geometry Count = 0      (0)
LAYER MOMMK5i ... TOTAL Original Geometry Count = 0      (0)
LAYER MOMMK6i ... TOTAL Original Geometry Count = 0      (0)
LAYER MOMMK7i ... TOTAL Original Geometry Count = 0      (0)
LAYER TV2ai ..... TOTAL Original Geometry Count = 0      (0)
LAYER V7i ....... TOTAL Original Geometry Count = 86606  (307703)
LAYER AAi ....... TOTAL Original Geometry Count = 721    (82680)
LAYER NWi ....... TOTAL Original Geometry Count = 179    (30927)
LAYER DNWi ...... TOTAL Original Geometry Count = 0      (0)
LAYER DGi ....... TOTAL Original Geometry Count = 40     (670)
LAYER GTi ....... TOTAL Original Geometry Count = 1018   (97004)
LAYER NLLi ...... TOTAL Original Geometry Count = 0      (0)
LAYER NLHi ...... TOTAL Original Geometry Count = 0      (0)
LAYER PLHi ...... TOTAL Original Geometry Count = 0      (0)
LAYER PLLi ...... TOTAL Original Geometry Count = 0      (0)
LAYER HRPi ...... TOTAL Original Geometry Count = 0      (0)
LAYER MIMi ...... TOTAL Original Geometry Count = 0      (0)
LAYER SNi ....... TOTAL Original Geometry Count = 341    (60305)
LAYER ESD1i ..... TOTAL Original Geometry Count = 10     (32)
LAYER ESDIO2i ... TOTAL Original Geometry Count = 0      (0)
LAYER ESDHVi .... TOTAL Original Geometry Count = 0      (0)
LAYER ALMK1i .... TOTAL Original Geometry Count = 0      (0)
LAYER SPi ....... TOTAL Original Geometry Count = 337    (60876)
LAYER VTPHi ..... TOTAL Original Geometry Count = 0      (0)
LAYER PC1 ....... TOTAL Original Geometry Count = 0      (0)
LAYER VTNHi ..... TOTAL Original Geometry Count = 0      (0)
LAYER NC1 ....... TOTAL Original Geometry Count = 0      (0)
LAYER MVPi ...... TOTAL Original Geometry Count = 0      (0)
LAYER MVNi ...... TOTAL Original Geometry Count = 0      (0)
LAYER SABi ...... TOTAL Original Geometry Count = 190    (633)
LAYER CTi ....... TOTAL Original Geometry Count = 176843 (1173495)
LAYER V1i ....... TOTAL Original Geometry Count = 149735 (535053)
LAYER V2i ....... TOTAL Original Geometry Count = 138623 (486440)
LAYER V3i ....... TOTAL Original Geometry Count = 96158  (339027)
LAYER V4i ....... TOTAL Original Geometry Count = 110470 (402495)
LAYER V5i ....... TOTAL Original Geometry Count = 125550 (447289)
LAYER V6i ....... TOTAL Original Geometry Count = 110420 (387641)
LAYER PAi ....... TOTAL Original Geometry Count = 10     (32)
LAYER P2i ....... TOTAL Original Geometry Count = 0      (0)
LAYER FUSEi ..... TOTAL Original Geometry Count = 0      (0)
LAYER PIi ....... TOTAL Original Geometry Count = 0      (0)
LAYER ALRDLi .... TOTAL Original Geometry Count = 0      (0)
LAYER ALPAai .... TOTAL Original Geometry Count = 0      (0)
LAYER PSUBi ..... TOTAL Original Geometry Count = 0      (0)
LAYER GTDUMi .... TOTAL Original Geometry Count = 0      (0)
LAYER HRPDMY .... TOTAL Original Geometry Count = 0      (0)
LAYER RESP1 ..... TOTAL Original Geometry Count = 0      (0)
LAYER OPCBA ..... TOTAL Original Geometry Count = 0      (0)
LAYER OPCBP ..... TOTAL Original Geometry Count = 0      (0)
LAYER OPCBM ..... TOTAL Original Geometry Count = 0      (0)
LAYER INDMY ..... TOTAL Original Geometry Count = 0      (0)
LAYER RESNW ..... TOTAL Original Geometry Count = 0      (0)
LAYER RESAA ..... TOTAL Original Geometry Count = 5      (12)
LAYER RESP3T .... TOTAL Original Geometry Count = 0      (0)
LAYER NWH ....... TOTAL Original Geometry Count = 0      (0)
LAYER MIMDMY .... TOTAL Original Geometry Count = 0      (0)
LAYER MD ........ TOTAL Original Geometry Count = 0      (0)
LAYER BORDER .... TOTAL Original Geometry Count = 136    (29784)
LAYER DUPMK1 .... TOTAL Original Geometry Count = 0      (0)
LAYER VDDMK1 .... TOTAL Original Geometry Count = 0      (0)
LAYER VSSMK1 .... TOTAL Original Geometry Count = 0      (0)
LAYER EMPTY1 .... TOTAL Original Geometry Count = 0      (0)
LAYER CAPBP ..... TOTAL Original Geometry Count = 0      (0)
LAYER AADUM ..... TOTAL Original Geometry Count = 0      (0)
LAYER LOGO ...... TOTAL Original Geometry Count = 0      (0)
LAYER DMPNP ..... TOTAL Original Geometry Count = 0      (0)
LAYER DSTR ...... TOTAL Original Geometry Count = 1      (1)
LAYER NWHT ...... TOTAL Original Geometry Count = 0      (0)
LAYER VARMOS .... TOTAL Original Geometry Count = 0      (0)
LAYER M1R ....... TOTAL Original Geometry Count = 0      (0)
LAYER M1DUM ..... TOTAL Original Geometry Count = 0      (0)
LAYER M2R ....... TOTAL Original Geometry Count = 0      (0)
LAYER M2DUM ..... TOTAL Original Geometry Count = 0      (0)
LAYER M3DUM ..... TOTAL Original Geometry Count = 0      (0)
LAYER M4DUM ..... TOTAL Original Geometry Count = 0      (0)
LAYER M5DUM ..... TOTAL Original Geometry Count = 0      (0)
LAYER M6DUM ..... TOTAL Original Geometry Count = 0      (0)
LAYER MIMSHD .... TOTAL Original Geometry Count = 0      (0)
LAYER M7DUM ..... TOTAL Original Geometry Count = 0      (0)
LAYER M3R ....... TOTAL Original Geometry Count = 0      (0)
LAYER M4R ....... TOTAL Original Geometry Count = 0      (0)
LAYER M5R ....... TOTAL Original Geometry Count = 0      (0)
LAYER M6R ....... TOTAL Original Geometry Count = 0      (0)
LAYER M7R ....... TOTAL Original Geometry Count = 0      (0)
LAYER M8R ....... TOTAL Original Geometry Count = 0      (0)
LAYER TM2R ...... TOTAL Original Geometry Count = 0      (0)
LAYER ALPAR ..... TOTAL Original Geometry Count = 0      (0)
LAYER DUMBA ..... TOTAL Original Geometry Count = 0      (0)
LAYER DUMBP ..... TOTAL Original Geometry Count = 0      (0)
LAYER DUMBM ..... TOTAL Original Geometry Count = 0      (0)
LAYER LUWMK1 .... TOTAL Original Geometry Count = 0      (0)
----------------------------------------------------------------------------------
--- RULECHECK RESULTS STATISTICS
---
RULECHECK skew_edge_check ... TOTAL Result Count = 0   (0)
RULECHECK DNW_1 ............. TOTAL Result Count = 0   (0)
RULECHECK DNW_2 ............. TOTAL Result Count = 0   (0)
RULECHECK DNW_3 ............. TOTAL Result Count = 0   (0)
RULECHECK DNW_4 ............. TOTAL Result Count = 0   (0)
RULECHECK DNW_5 ............. TOTAL Result Count = 0   (0)
RULECHECK DNW_6 ............. TOTAL Result Count = 0   (0)
RULECHECK AA_1_2 ............ TOTAL Result Count = 0   (0)
RULECHECK AA_3 .............. TOTAL Result Count = 0   (0)
RULECHECK AA_4 .............. TOTAL Result Count = 0   (0)
RULECHECK AA_5 .............. TOTAL Result Count = 0   (0)
RULECHECK AA_6 .............. TOTAL Result Count = 0   (0)
RULECHECK AA_7 .............. TOTAL Result Count = 0   (0)
RULECHECK AA_8 .............. TOTAL Result Count = 0   (0)
RULECHECK AA_9 .............. TOTAL Result Count = 0   (0)
RULECHECK AA_10 ............. TOTAL Result Count = 0   (0)
RULECHECK AA_11a ............ TOTAL Result Count = 0   (0)
RULECHECK AA_11b ............ TOTAL Result Count = 0   (0)
RULECHECK AA_12a ............ TOTAL Result Count = 0   (0)
RULECHECK AA_12b ............ TOTAL Result Count = 0   (0)
RULECHECK NW_1 .............. TOTAL Result Count = 0   (0)
RULECHECK NW_2 .............. TOTAL Result Count = 0   (0)
RULECHECK NW_3 .............. TOTAL Result Count = 0   (0)
RULECHECK NW_4 .............. TOTAL Result Count = 0   (0)
RULECHECK NW_4a ............. TOTAL Result Count = 0   (0)
RULECHECK NW_4b ............. TOTAL Result Count = 0   (0)
RULECHECK NW_5 .............. TOTAL Result Count = 0   (0)
RULECHECK NW_6 .............. TOTAL Result Count = 0   (0)
RULECHECK PSUB_1 ............ TOTAL Result Count = 0   (0)
RULECHECK PSUB_2a ........... TOTAL Result Count = 0   (0)
RULECHECK PSUB_2b ........... TOTAL Result Count = 0   (0)
RULECHECK PSUB_3 ............ TOTAL Result Count = 0   (0)
RULECHECK PSUB_4 ............ TOTAL Result Count = 0   (0)
RULECHECK PSUB_5 ............ TOTAL Result Count = 0   (0)
RULECHECK PSUB_6 ............ TOTAL Result Count = 0   (0)
RULECHECK PSUB_7 ............ TOTAL Result Count = 0   (0)
RULECHECK PSUB_8 ............ TOTAL Result Count = 0   (0)
RULECHECK PSUB_9_R .......... NOT EXECUTED
RULECHECK NC_1 .............. TOTAL Result Count = 0   (0)
RULECHECK NC_2 .............. TOTAL Result Count = 0   (0)
RULECHECK NC_4 .............. TOTAL Result Count = 0   (0)
RULECHECK NC_5 .............. TOTAL Result Count = 0   (0)
RULECHECK NC_6 .............. TOTAL Result Count = 0   (0)
RULECHECK NC_7 .............. TOTAL Result Count = 0   (0)
RULECHECK NC_8 .............. TOTAL Result Count = 0   (0)
RULECHECK PC_1 .............. TOTAL Result Count = 0   (0)
RULECHECK PC_2 .............. TOTAL Result Count = 0   (0)
RULECHECK PC_4 .............. TOTAL Result Count = 0   (0)
RULECHECK PC_5 .............. TOTAL Result Count = 0   (0)
RULECHECK PC_6 .............. TOTAL Result Count = 0   (0)
RULECHECK PC_7 .............. TOTAL Result Count = 0   (0)
RULECHECK PC_8 .............. TOTAL Result Count = 0   (0)
RULECHECK MVN_1 ............. TOTAL Result Count = 0   (0)
RULECHECK MVN_2 ............. TOTAL Result Count = 0   (0)
RULECHECK MVN_4 ............. TOTAL Result Count = 0   (0)
RULECHECK MVN_5 ............. TOTAL Result Count = 0   (0)
RULECHECK MVN_6 ............. TOTAL Result Count = 0   (0)
RULECHECK MVN_7 ............. TOTAL Result Count = 0   (0)
RULECHECK MVN_8 ............. TOTAL Result Count = 0   (0)
RULECHECK MVP_1 ............. TOTAL Result Count = 0   (0)
RULECHECK MVP_2 ............. TOTAL Result Count = 0   (0)
RULECHECK MVP_4 ............. TOTAL Result Count = 0   (0)
RULECHECK MVP_5 ............. TOTAL Result Count = 0   (0)
RULECHECK MVP_6 ............. TOTAL Result Count = 0   (0)
RULECHECK MVP_7 ............. TOTAL Result Count = 0   (0)
RULECHECK MVP_8 ............. TOTAL Result Count = 0   (0)
RULECHECK DG_1 .............. TOTAL Result Count = 0   (0)
RULECHECK DG_2 .............. TOTAL Result Count = 0   (0)
RULECHECK DG_3 .............. TOTAL Result Count = 0   (0)
RULECHECK DG_4 .............. TOTAL Result Count = 0   (0)
RULECHECK DG_5 .............. TOTAL Result Count = 0   (0)
RULECHECK DG_6 .............. TOTAL Result Count = 0   (0)
RULECHECK GT_1a ............. TOTAL Result Count = 0   (0)
RULECHECK GT_1c1 ............ TOTAL Result Count = 0   (0)
RULECHECK GT_1c2 ............ TOTAL Result Count = 0   (0)
RULECHECK GT_2 .............. TOTAL Result Count = 0   (0)
RULECHECK GT_3 .............. TOTAL Result Count = 0   (0)
RULECHECK GT_4 .............. TOTAL Result Count = 0   (0)
RULECHECK GT_5 .............. TOTAL Result Count = 0   (0)
RULECHECK GT_6 .............. TOTAL Result Count = 0   (0)
RULECHECK GT_7 .............. TOTAL Result Count = 1   (1)
RULECHECK GT_8 .............. TOTAL Result Count = 0   (0)
RULECHECK GT_9a ............. TOTAL Result Count = 0   (0)
RULECHECK GT_9b ............. TOTAL Result Count = 0   (0)
RULECHECK GT_9c ............. TOTAL Result Count = 0   (0)
RULECHECK GT_9d ............. TOTAL Result Count = 0   (0)
RULECHECK GT_9e ............. TOTAL Result Count = 0   (0)
RULECHECK GT_9f ............. TOTAL Result Count = 0   (0)
RULECHECK GT_10a ............ TOTAL Result Count = 0   (0)
RULECHECK GT_10b ............ TOTAL Result Count = 0   (0)
RULECHECK GT_10c ............ TOTAL Result Count = 0   (0)
RULECHECK GT_10d ............ TOTAL Result Count = 0   (0)
RULECHECK GT_10e ............ TOTAL Result Count = 0   (0)
RULECHECK GT_10f ............ TOTAL Result Count = 0   (0)
RULECHECK GT_11 ............. TOTAL Result Count = 0   (0)
RULECHECK GT_13_R ........... NOT EXECUTED
RULECHECK GT_14_R ........... NOT EXECUTED
RULECHECK GT_15_R ........... NOT EXECUTED
RULECHECK GT_16_R ........... NOT EXECUTED
RULECHECK NLL_1 ............. TOTAL Result Count = 0   (0)
RULECHECK NLL_2 ............. TOTAL Result Count = 0   (0)
RULECHECK NLL_3 ............. TOTAL Result Count = 0   (0)
RULECHECK NLL_4 ............. TOTAL Result Count = 0   (0)
RULECHECK NLL_4b ............ TOTAL Result Count = 0   (0)
RULECHECK NLL_5 ............. TOTAL Result Count = 0   (0)
RULECHECK NLL_6 ............. TOTAL Result Count = 0   (0)
RULECHECK NLL_7 ............. TOTAL Result Count = 0   (0)
RULECHECK NLL_8 ............. TOTAL Result Count = 0   (0)
RULECHECK NLL_9 ............. TOTAL Result Count = 0   (0)
RULECHECK NLL_10 ............ TOTAL Result Count = 0   (0)
RULECHECK PLL_1 ............. TOTAL Result Count = 0   (0)
RULECHECK PLL_2 ............. TOTAL Result Count = 0   (0)
RULECHECK PLL_3 ............. TOTAL Result Count = 0   (0)
RULECHECK PLL_4 ............. TOTAL Result Count = 0   (0)
RULECHECK PLL_4b ............ TOTAL Result Count = 0   (0)
RULECHECK PLL_5 ............. TOTAL Result Count = 0   (0)
RULECHECK PLL_6 ............. TOTAL Result Count = 0   (0)
RULECHECK PLL_7 ............. TOTAL Result Count = 0   (0)
RULECHECK PLL_8 ............. TOTAL Result Count = 0   (0)
RULECHECK PLL_9 ............. TOTAL Result Count = 0   (0)
RULECHECK PLL_10 ............ TOTAL Result Count = 0   (0)
RULECHECK PLL_11_R .......... NOT EXECUTED
RULECHECK NLH_1 ............. TOTAL Result Count = 0   (0)
RULECHECK NLH_2 ............. TOTAL Result Count = 0   (0)
RULECHECK NLH_3 ............. TOTAL Result Count = 0   (0)
RULECHECK NLH_4 ............. TOTAL Result Count = 0   (0)
RULECHECK NLH_4b ............ TOTAL Result Count = 0   (0)
RULECHECK NLH_5 ............. TOTAL Result Count = 0   (0)
RULECHECK NLH_6 ............. TOTAL Result Count = 0   (0)
RULECHECK NLH_7 ............. TOTAL Result Count = 0   (0)
RULECHECK NLH_8 ............. TOTAL Result Count = 0   (0)
RULECHECK NLH_9 ............. TOTAL Result Count = 0   (0)
RULECHECK NLH_10 ............ TOTAL Result Count = 0   (0)
RULECHECK PLH_1 ............. TOTAL Result Count = 0   (0)
RULECHECK PLH_2 ............. TOTAL Result Count = 0   (0)
RULECHECK PLH_3 ............. TOTAL Result Count = 0   (0)
RULECHECK PLH_4 ............. TOTAL Result Count = 0   (0)
RULECHECK PLH_4b ............ TOTAL Result Count = 0   (0)
RULECHECK PLH_5 ............. TOTAL Result Count = 0   (0)
RULECHECK PLH_6 ............. TOTAL Result Count = 0   (0)
RULECHECK PLH_7 ............. TOTAL Result Count = 0   (0)
RULECHECK PLH_8 ............. TOTAL Result Count = 0   (0)
RULECHECK PLH_9 ............. TOTAL Result Count = 0   (0)
RULECHECK PLH_10 ............ TOTAL Result Count = 0   (0)
RULECHECK SN_1 .............. TOTAL Result Count = 0   (0)
RULECHECK SN_2 .............. TOTAL Result Count = 0   (0)
RULECHECK SN_3 .............. TOTAL Result Count = 0   (0)
RULECHECK SN_4 .............. TOTAL Result Count = 0   (0)
RULECHECK SN_4b ............. TOTAL Result Count = 0   (0)
RULECHECK SN_5 .............. TOTAL Result Count = 0   (0)
RULECHECK SN_6 .............. TOTAL Result Count = 0   (0)
RULECHECK SN_7 .............. TOTAL Result Count = 0   (0)
RULECHECK SN_8 .............. TOTAL Result Count = 0   (0)
RULECHECK SN_9 .............. TOTAL Result Count = 0   (0)
RULECHECK SN_10 ............. TOTAL Result Count = 0   (0)
RULECHECK SN_11 ............. TOTAL Result Count = 0   (0)
RULECHECK SP_1 .............. TOTAL Result Count = 0   (0)
RULECHECK SP_2 .............. TOTAL Result Count = 0   (0)
RULECHECK SP_3 .............. TOTAL Result Count = 0   (0)
RULECHECK SP_4 .............. TOTAL Result Count = 0   (0)
RULECHECK SP_5 .............. TOTAL Result Count = 0   (0)
RULECHECK SP_6 .............. TOTAL Result Count = 0   (0)
RULECHECK SP_7 .............. TOTAL Result Count = 0   (0)
RULECHECK SP_8 .............. TOTAL Result Count = 0   (0)
RULECHECK SP_9 .............. TOTAL Result Count = 0   (0)
RULECHECK SP_10 ............. TOTAL Result Count = 0   (0)
RULECHECK SP_11 ............. TOTAL Result Count = 0   (0)
RULECHECK SP_12 ............. TOTAL Result Count = 0   (0)
RULECHECK SAB_1 ............. TOTAL Result Count = 0   (0)
RULECHECK SAB_2 ............. TOTAL Result Count = 0   (0)
RULECHECK SAB_2a ............ TOTAL Result Count = 0   (0)
RULECHECK SAB_3 ............. TOTAL Result Count = 0   (0)
RULECHECK SAB_4 ............. TOTAL Result Count = 0   (0)
RULECHECK SAB_5 ............. TOTAL Result Count = 0   (0)
RULECHECK SAB_6 ............. TOTAL Result Count = 0   (0)
RULECHECK SAB_7 ............. TOTAL Result Count = 0   (0)
RULECHECK SAB_8 ............. TOTAL Result Count = 0   (0)
RULECHECK SAB_9 ............. TOTAL Result Count = 0   (0)
RULECHECK SAB_10 ............ TOTAL Result Count = 0   (0)
RULECHECK SAB_10a_R ......... NOT EXECUTED
RULECHECK SAB_11 ............ TOTAL Result Count = 0   (0)
RULECHECK CT_1 .............. TOTAL Result Count = 0   (0)
RULECHECK CT_2 .............. TOTAL Result Count = 0   (0)
RULECHECK CT_3 .............. TOTAL Result Count = 0   (0)
RULECHECK CT_4a ............. TOTAL Result Count = 0   (0)
RULECHECK CT_4b ............. TOTAL Result Count = 0   (0)
RULECHECK CT_5 .............. TOTAL Result Count = 0   (0)
RULECHECK CT_5a ............. TOTAL Result Count = 0   (0)
RULECHECK CT_6 .............. TOTAL Result Count = 0   (0)
RULECHECK CT_7_8 ............ TOTAL Result Count = 0   (0)
RULECHECK CT_9 .............. TOTAL Result Count = 0   (0)
RULECHECK CT_10 ............. TOTAL Result Count = 0   (0)
RULECHECK CT_15 ............. TOTAL Result Count = 0   (0)
RULECHECK M1_1 .............. TOTAL Result Count = 0   (0)
RULECHECK M1_2 .............. TOTAL Result Count = 0   (0)
RULECHECK M1_3a_R ........... TOTAL Result Count = 0   (0)
RULECHECK M1_3b_R ........... TOTAL Result Count = 0   (0)
RULECHECK M1_3c ............. TOTAL Result Count = 0   (0)
RULECHECK M1_4 .............. TOTAL Result Count = 0   (0)
RULECHECK M1_5 .............. TOTAL Result Count = 0   (0)
RULECHECK M1_6a ............. TOTAL Result Count = 0   (0)
RULECHECK M1_6b ............. TOTAL Result Count = 0   (0)
RULECHECK M1_7 .............. TOTAL Result Count = 0   (0)
RULECHECK M1_8 .............. TOTAL Result Count = 0   (0)
RULECHECK V1_1 .............. TOTAL Result Count = 0   (0)
RULECHECK V1_2a ............. TOTAL Result Count = 0   (0)
RULECHECK V1_2b ............. TOTAL Result Count = 0   (0)
RULECHECK V1_4_5_8 .......... TOTAL Result Count = 0   (0)
RULECHECK V1_6_7_9 .......... TOTAL Result Count = 0   (0)
RULECHECK V1_11_R ........... TOTAL Result Count = 5   (5)
RULECHECK V1_12 ............. TOTAL Result Count = 0   (0)
RULECHECK M2_1 .............. TOTAL Result Count = 0   (0)
RULECHECK M2_2 .............. TOTAL Result Count = 0   (0)
RULECHECK M2_3a_R ........... TOTAL Result Count = 0   (0)
RULECHECK M2_3b_R ........... TOTAL Result Count = 0   (0)
RULECHECK M2_3c ............. TOTAL Result Count = 0   (0)
RULECHECK M2_4 .............. TOTAL Result Count = 0   (0)
RULECHECK M2_5 .............. TOTAL Result Count = 0   (0)
RULECHECK M2_6a ............. TOTAL Result Count = 1   (1)
RULECHECK M2_6b ............. TOTAL Result Count = 0   (0)
RULECHECK M2_7 .............. TOTAL Result Count = 0   (0)
RULECHECK M2_8 .............. TOTAL Result Count = 0   (0)
RULECHECK M3_1 .............. TOTAL Result Count = 0   (0)
RULECHECK M3_2 .............. TOTAL Result Count = 0   (0)
RULECHECK M3_3a_R ........... TOTAL Result Count = 0   (0)
RULECHECK M3_3b_R ........... TOTAL Result Count = 6   (6)
RULECHECK M3_3c ............. TOTAL Result Count = 0   (0)
RULECHECK M3_4 .............. TOTAL Result Count = 0   (0)
RULECHECK M3_5 .............. TOTAL Result Count = 0   (0)
RULECHECK M3_6a ............. TOTAL Result Count = 1   (1)
RULECHECK M3_6b ............. TOTAL Result Count = 0   (0)
RULECHECK M3_7 .............. TOTAL Result Count = 0   (0)
RULECHECK M3_8 .............. TOTAL Result Count = 0   (0)
RULECHECK M4_1 .............. TOTAL Result Count = 0   (0)
RULECHECK M4_2 .............. TOTAL Result Count = 0   (0)
RULECHECK M4_3a_R ........... TOTAL Result Count = 0   (0)
RULECHECK M4_3b_R ........... TOTAL Result Count = 2   (2)
RULECHECK M4_3c ............. TOTAL Result Count = 0   (0)
RULECHECK M4_4 .............. TOTAL Result Count = 0   (0)
RULECHECK M4_5 .............. TOTAL Result Count = 0   (0)
RULECHECK M4_6a ............. TOTAL Result Count = 1   (1)
RULECHECK M4_6b ............. TOTAL Result Count = 0   (0)
RULECHECK M4_7 .............. TOTAL Result Count = 0   (0)
RULECHECK M4_8 .............. TOTAL Result Count = 0   (0)
RULECHECK M5_1 .............. TOTAL Result Count = 0   (0)
RULECHECK M5_2 .............. TOTAL Result Count = 0   (0)
RULECHECK M5_3a_R ........... TOTAL Result Count = 0   (0)
RULECHECK M5_3b_R ........... TOTAL Result Count = 12  (12)
RULECHECK M5_3c ............. TOTAL Result Count = 0   (0)
RULECHECK M5_4 .............. TOTAL Result Count = 0   (0)
RULECHECK M5_5 .............. TOTAL Result Count = 0   (0)
RULECHECK M5_6a ............. TOTAL Result Count = 1   (1)
RULECHECK M5_6b ............. TOTAL Result Count = 0   (0)
RULECHECK M5_7 .............. TOTAL Result Count = 0   (0)
RULECHECK M5_8 .............. TOTAL Result Count = 0   (0)
RULECHECK M6_1 .............. TOTAL Result Count = 0   (0)
RULECHECK M6_2 .............. TOTAL Result Count = 0   (0)
RULECHECK M6_3a_R ........... TOTAL Result Count = 0   (0)
RULECHECK M6_3b_R ........... TOTAL Result Count = 0   (0)
RULECHECK M6_3c ............. TOTAL Result Count = 0   (0)
RULECHECK M6_4 .............. TOTAL Result Count = 0   (0)
RULECHECK M6_5 .............. TOTAL Result Count = 0   (0)
RULECHECK M6_6a ............. TOTAL Result Count = 1   (1)
RULECHECK M6_6b ............. TOTAL Result Count = 0   (0)
RULECHECK M6_7 .............. TOTAL Result Count = 0   (0)
RULECHECK M6_8 .............. TOTAL Result Count = 0   (0)
RULECHECK M7_1 .............. TOTAL Result Count = 0   (0)
RULECHECK M7_2 .............. TOTAL Result Count = 0   (0)
RULECHECK M7_3a_R ........... TOTAL Result Count = 0   (0)
RULECHECK M7_3b_R ........... TOTAL Result Count = 0   (0)
RULECHECK M7_3c ............. TOTAL Result Count = 0   (0)
RULECHECK M7_4 .............. TOTAL Result Count = 0   (0)
RULECHECK M7_5 .............. TOTAL Result Count = 0   (0)
RULECHECK M7_6a ............. TOTAL Result Count = 1   (1)
RULECHECK M7_6b ............. TOTAL Result Count = 0   (0)
RULECHECK M7_7 .............. TOTAL Result Count = 0   (0)
RULECHECK M7_8 .............. TOTAL Result Count = 0   (0)
RULECHECK V2_1 .............. TOTAL Result Count = 0   (0)
RULECHECK V2_2a ............. TOTAL Result Count = 0   (0)
RULECHECK V2_2b ............. TOTAL Result Count = 0   (0)
RULECHECK V2_3_4_7 .......... TOTAL Result Count = 0   (0)
RULECHECK V2_5_6_8 .......... TOTAL Result Count = 0   (0)
RULECHECK V2_10_R ........... TOTAL Result Count = 0   (0)
RULECHECK V2_12 ............. TOTAL Result Count = 0   (0)
RULECHECK V3_1 .............. TOTAL Result Count = 0   (0)
RULECHECK V3_2a ............. TOTAL Result Count = 0   (0)
RULECHECK V3_2b ............. TOTAL Result Count = 0   (0)
RULECHECK V3_3_4_7 .......... TOTAL Result Count = 0   (0)
RULECHECK V3_5_6_8 .......... TOTAL Result Count = 0   (0)
RULECHECK V3_10_R ........... TOTAL Result Count = 0   (0)
RULECHECK V3_12 ............. TOTAL Result Count = 0   (0)
RULECHECK V4_1 .............. TOTAL Result Count = 0   (0)
RULECHECK V4_2a ............. TOTAL Result Count = 0   (0)
RULECHECK V4_2b ............. TOTAL Result Count = 0   (0)
RULECHECK V4_3_4_7 .......... TOTAL Result Count = 0   (0)
RULECHECK V4_5_6_8 .......... TOTAL Result Count = 0   (0)
RULECHECK V4_10_R ........... TOTAL Result Count = 0   (0)
RULECHECK V4_12 ............. TOTAL Result Count = 0   (0)
RULECHECK V5_1 .............. TOTAL Result Count = 0   (0)
RULECHECK V5_2a ............. TOTAL Result Count = 0   (0)
RULECHECK V5_2b ............. TOTAL Result Count = 0   (0)
RULECHECK V5_3_4_7 .......... TOTAL Result Count = 0   (0)
RULECHECK V5_5_6_8 .......... TOTAL Result Count = 0   (0)
RULECHECK V5_10_R ........... TOTAL Result Count = 0   (0)
RULECHECK V5_12 ............. TOTAL Result Count = 0   (0)
RULECHECK V6_1 .............. TOTAL Result Count = 0   (0)
RULECHECK V6_2a ............. TOTAL Result Count = 0   (0)
RULECHECK V6_2b ............. TOTAL Result Count = 0   (0)
RULECHECK V6_3_4_7 .......... TOTAL Result Count = 0   (0)
RULECHECK V6_5_6_8 .......... TOTAL Result Count = 0   (0)
RULECHECK V6_10_R ........... TOTAL Result Count = 0   (0)
RULECHECK V6_12 ............. TOTAL Result Count = 0   (0)
RULECHECK TV2_1 ............. TOTAL Result Count = 0   (0)
RULECHECK TV2_2a ............ TOTAL Result Count = 0   (0)
RULECHECK TV2_2b ............ TOTAL Result Count = 0   (0)
RULECHECK TV2_4_5 ........... TOTAL Result Count = 0   (0)
RULECHECK TV2_6_7 ........... TOTAL Result Count = 0   (0)
RULECHECK TV2_11 ............ TOTAL Result Count = 0   (0)
RULECHECK TM2_1 ............. TOTAL Result Count = 0   (0)
RULECHECK TM2_2 ............. TOTAL Result Count = 0   (0)
RULECHECK TM2_4 ............. TOTAL Result Count = 0   (0)
RULECHECK TM2_5 ............. TOTAL Result Count = 0   (0)
RULECHECK TM2_6 ............. TOTAL Result Count = 0   (0)
RULECHECK TM2_7a ............ TOTAL Result Count = 1   (1)
RULECHECK TM2_7b ............ TOTAL Result Count = 0   (0)
RULECHECK TM2_8 ............. TOTAL Result Count = 0   (0)
RULECHECK TM2_9_G ........... TOTAL Result Count = 0   (0)
RULECHECK MTT_1 ............. NOT EXECUTED
RULECHECK MTT_1a ............ NOT EXECUTED
RULECHECK MTT_2a ............ NOT EXECUTED
RULECHECK MTT_2b ............ NOT EXECUTED
RULECHECK MTT_3 ............. NOT EXECUTED
RULECHECK MTT_4 ............. NOT EXECUTED
RULECHECK MTT_5 ............. NOT EXECUTED
RULECHECK MTT_6 ............. NOT EXECUTED
RULECHECK MTT_6a ............ NOT EXECUTED
RULECHECK MTT_7 ............. NOT EXECUTED
RULECHECK MTT_7b ............ NOT EXECUTED
RULECHECK MTT_8 ............. NOT EXECUTED
RULECHECK MTT_9 ............. NOT EXECUTED
RULECHECK MTT_11_G .......... NOT EXECUTED
RULECHECK ALPA_1 ............ TOTAL Result Count = 0   (0)
RULECHECK ALPA_2 ............ TOTAL Result Count = 0   (0)
RULECHECK ALPA_10a .......... TOTAL Result Count = 0   (0)
RULECHECK ALPA_10b .......... TOTAL Result Count = 0   (0)
RULECHECK ALPA_11 ........... TOTAL Result Count = 0   (0)
RULECHECK ALPA_12 ........... TOTAL Result Count = 0   (0)
RULECHECK ALPA_13 ........... TOTAL Result Count = 0   (0)
RULECHECK ALPA_14 ........... TOTAL Result Count = 0   (0)
RULECHECK BD_1 .............. TOTAL Result Count = 0   (0)
RULECHECK BD_2a ............. TOTAL Result Count = 101 (256)
RULECHECK BD_2b ............. TOTAL Result Count = 0   (0)
RULECHECK BD_4 .............. TOTAL Result Count = 0   (0)
RULECHECK SL_1_G ............ TOTAL Result Count = 0   (0)
RULECHECK SL_2_G ............ TOTAL Result Count = 0   (0)
RULECHECK SL_3_G ............ TOTAL Result Count = 0   (0)
RULECHECK SL_4a_G ........... TOTAL Result Count = 0   (0)
RULECHECK SL_4b_G ........... TOTAL Result Count = 0   (0)
RULECHECK SL_4c_G ........... NOT EXECUTED
RULECHECK SL_5_G ............ TOTAL Result Count = 0   (0)
TOTAL DFM RDB Result Count = 0 (0)
RULECHECK FUSE_1_G .......... NOT EXECUTED
RULECHECK FUSE_2_G .......... NOT EXECUTED
RULECHECK FUSE_3_G .......... NOT EXECUTED
RULECHECK FUSE_4_G .......... NOT EXECUTED
RULECHECK FUSE_5_G .......... NOT EXECUTED
RULECHECK FUSE_6_G .......... NOT EXECUTED
RULECHECK FUSE_8_G .......... NOT EXECUTED
RULECHECK FUSE_9_G .......... NOT EXECUTED
RULECHECK FUSE_10_G ......... NOT EXECUTED
RULECHECK FUSE_12_G ......... NOT EXECUTED
RULECHECK FUSE_14_G ......... NOT EXECUTED
RULECHECK FUSE_16_G ......... NOT EXECUTED
RULECHECK FUSE_17_G ......... NOT EXECUTED
RULECHECK PA_1a_1b_G ........ TOTAL Result Count = 0   (0)
RULECHECK PA_2a ............. TOTAL Result Count = 0   (0)
RULECHECK PA_2b ............. TOTAL Result Count = 0   (0)
RULECHECK PA_3 .............. TOTAL Result Count = 0   (0)
RULECHECK PA_4 .............. TOTAL Result Count = 0   (0)
RULECHECK PA_5 .............. TOTAL Result Count = 0   (0)
RULECHECK PA_6 .............. TOTAL Result Count = 0   (0)
RULECHECK MD_1 .............. TOTAL Result Count = 0   (0)
RULECHECK MD_2_G ............ TOTAL Result Count = 0   (0)
RULECHECK MD_3 .............. TOTAL Result Count = 0   (0)
RULECHECK MD_4 .............. TOTAL Result Count = 0   (0)
RULECHECK MD_5 .............. TOTAL Result Count = 0   (0)
RULECHECK MD_6 .............. TOTAL Result Count = 0   (0)
RULECHECK MD_7 .............. TOTAL Result Count = 0   (0)
RULECHECK RESNW_1 ........... TOTAL Result Count = 0   (0)
RULECHECK RESNW_2 ........... TOTAL Result Count = 0   (0)
RULECHECK RESNW_3_R ......... TOTAL Result Count = 0   (0)
RULECHECK RESNW_4 ........... TOTAL Result Count = 0   (0)
RULECHECK RESNW_5 ........... TOTAL Result Count = 0   (0)
RULECHECK RESNW_6 ........... TOTAL Result Count = 0   (0)
RULECHECK RESNW_7 ........... TOTAL Result Count = 0   (0)
RULECHECK RESNW_8 ........... TOTAL Result Count = 0   (0)
RULECHECK RESNW_9_R ......... TOTAL Result Count = 0   (0)
RULECHECK RESAA_1_R ......... NOT EXECUTED
RULECHECK RESAA_1a_1_R ...... NOT EXECUTED
RULECHECK RESAA_1a_2_R ...... NOT EXECUTED
RULECHECK RESP1_1_R ......... NOT EXECUTED
RULECHECK RESP1_1a_1_R ...... NOT EXECUTED
RULECHECK RESP1_1b_1_R ...... NOT EXECUTED
RULECHECK RESP1_2_R ......... NOT EXECUTED
RULECHECK RESP1_3 ........... TOTAL Result Count = 0   (0)
RULECHECK RESP1_4 ........... TOTAL Result Count = 0   (0)
RULECHECK RESP1_6_R ......... NOT EXECUTED
RULECHECK RESP1_7 ........... TOTAL Result Count = 0   (0)
RULECHECK HRP_1 ............. TOTAL Result Count = 0   (0)
RULECHECK HRP_2 ............. TOTAL Result Count = 0   (0)
RULECHECK HRP_3 ............. TOTAL Result Count = 0   (0)
RULECHECK HRP_4 ............. TOTAL Result Count = 0   (0)
RULECHECK HRP_5_6 ........... TOTAL Result Count = 0   (0)
RULECHECK HRP_7 ............. TOTAL Result Count = 0   (0)
RULECHECK HRP_8 ............. TOTAL Result Count = 0   (0)
RULECHECK HRP_10_R .......... NOT EXECUTED
RULECHECK HRP_11 ............ TOTAL Result Count = 0   (0)
RULECHECK HRP_12 ............ TOTAL Result Count = 0   (0)
RULECHECK MIMDMY_2_G ........ NOT EXECUTED
RULECHECK MIM_1 ............. TOTAL Result Count = 0   (0)
RULECHECK MIM_2 ............. TOTAL Result Count = 0   (0)
RULECHECK MIM_3 ............. TOTAL Result Count = 0   (0)
RULECHECK MIM_4 ............. TOTAL Result Count = 0   (0)
RULECHECK MIM_5 ............. TOTAL Result Count = 0   (0)
RULECHECK MIM_6_R ........... NOT EXECUTED
RULECHECK MIM_7 ............. TOTAL Result Count = 0   (0)
RULECHECK MIM_8 ............. TOTAL Result Count = 0   (0)
RULECHECK MIM_9 ............. TOTAL Result Count = 0   (0)
RULECHECK MIM_10 ............ TOTAL Result Count = 0   (0)
RULECHECK MIM_11 ............ TOTAL Result Count = 0   (0)
RULECHECK MIM_12 ............ TOTAL Result Count = 0   (0)
RULECHECK MIM_13 ............ TOTAL Result Count = 0   (0)
RULECHECK MIM_14_R .......... NOT EXECUTED
RULECHECK MIM_16 ............ TOTAL Result Count = 0   (0)
RULECHECK MIM_17_R .......... TOTAL Result Count = 0   (0)
RULECHECK MIM_SHD_3_G ....... NOT EXECUTED
RULECHECK DUP_1a_G .......... TOTAL Result Count = 0   (0)
RULECHECK DUP_1b_G .......... TOTAL Result Count = 0   (0)
RULECHECK DUP_2_G ........... TOTAL Result Count = 0   (0)
RULECHECK DUP_3a_G .......... TOTAL Result Count = 0   (0)
RULECHECK DUP_4_G ........... TOTAL Result Count = 0   (0)
RULECHECK DUP_5_G ........... TOTAL Result Count = 0   (0)
RULECHECK EFU_1b_1c_G ....... NOT EXECUTED
RULECHECK EFU_2b_2c_G ....... NOT EXECUTED
RULECHECK LOGO_1_G .......... TOTAL Result Count = 0   (0)
RULECHECK LOGO_2_G .......... TOTAL Result Count = 0   (0)
RULECHECK SRCK_1 ............ TOTAL Result Count = 0   (0)
RULECHECK SRCK_2 ............ TOTAL Result Count = 0   (0)
RULECHECK SRCK_3 ............ TOTAL Result Count = 0   (0)
RULECHECK SRCK_4 ............ TOTAL Result Count = 0   (0)
RULECHECK SRCK_5_V1 ......... TOTAL Result Count = 0   (0)
RULECHECK SRCK_5_V2 ......... TOTAL Result Count = 0   (0)
RULECHECK SRCK_5_V3 ......... TOTAL Result Count = 0   (0)
RULECHECK SRCK_5_V4 ......... TOTAL Result Count = 0   (0)
RULECHECK SRCK_5_V5 ......... TOTAL Result Count = 0   (0)
RULECHECK SRCK_5_V6 ......... TOTAL Result Count = 0   (0)
RULECHECK SRCK_6_TV2 ........ TOTAL Result Count = 0   (0)
RULECHECK SRCK_7 ............ TOTAL Result Count = 0   (0)
RULECHECK SRCK_8 ............ TOTAL Result Count = 0   (0)
RULECHECK SRCK_9 ............ TOTAL Result Count = 0   (0)
RULECHECK SRCK_10 ........... TOTAL Result Count = 0   (0)
RULECHECK SRCK_11 ........... TOTAL Result Count = 0   (0)
RULECHECK SRCK_12 ........... TOTAL Result Count = 0   (0)
RULECHECK SRCK_13 ........... TOTAL Result Count = 0   (0)
RULECHECK SRCK_14 ........... TOTAL Result Count = 0   (0)
RULECHECK SRCK_15 ........... TOTAL Result Count = 0   (0)
RULECHECK SRCK_16 ........... TOTAL Result Count = 0   (0)
RULECHECK SRCK_17 ........... TOTAL Result Count = 0   (0)
RULECHECK SRCK_18 ........... TOTAL Result Count = 0   (0)
RULECHECK SRCK_19 ........... TOTAL Result Count = 0   (0)
RULECHECK SRCK_20 ........... TOTAL Result Count = 0   (0)
RULECHECK SRCK_21 ........... TOTAL Result Count = 0   (0)
RULECHECK SRCK_22 ........... TOTAL Result Count = 0   (0)
RULECHECK SRCK_23_M1 ........ TOTAL Result Count = 0   (0)
RULECHECK SRCK_23_M2 ........ TOTAL Result Count = 0   (0)
RULECHECK SRCK_23_M3 ........ TOTAL Result Count = 0   (0)
RULECHECK SRCK_23_M4 ........ TOTAL Result Count = 0   (0)
RULECHECK SRCK_23_M5 ........ TOTAL Result Count = 0   (0)
RULECHECK SRCK_23_M6 ........ TOTAL Result Count = 0   (0)
RULECHECK SRCK_23_M7 ........ TOTAL Result Count = 0   (0)
RULECHECK SRCK_24 ........... TOTAL Result Count = 0   (0)
RULECHECK SRCK_25_TM2 ....... TOTAL Result Count = 0   (0)
RULECHECK SRCK_26 ........... TOTAL Result Count = 0   (0)
RULECHECK SRCK_27 ........... TOTAL Result Count = 0   (0)
RULECHECK SRCK_28 ........... TOTAL Result Count = 0   (0)
RULECHECK SRCK_29 ........... TOTAL Result Count = 0   (0)
RULECHECK SRCK_30 ........... TOTAL Result Count = 0   (0)
RULECHECK Convention_1 ...... TOTAL Result Count = 0   (0)
RULECHECK Convention_2 ...... TOTAL Result Count = 0   (0)
RULECHECK Convention_3 ...... TOTAL Result Count = 0   (0)
RULECHECK Convention_4 ...... TOTAL Result Count = 0   (0)
RULECHECK AADUMCK_1 ......... TOTAL Result Count = 0   (0)
RULECHECK AADUMCK_2 ......... TOTAL Result Count = 0   (0)
RULECHECK AADUMCK_3 ......... TOTAL Result Count = 0   (0)
RULECHECK AADUMCK_4 ......... TOTAL Result Count = 0   (0)
RULECHECK AADUMCK_5 ......... TOTAL Result Count = 0   (0)
RULECHECK AADUMCK_6 ......... TOTAL Result Count = 0   (0)
RULECHECK GTDUMCK_1 ......... TOTAL Result Count = 0   (0)
RULECHECK GTDUMCK_2 ......... TOTAL Result Count = 0   (0)
RULECHECK GTDUMCK_3 ......... TOTAL Result Count = 0   (0)
RULECHECK GTDUMCK_4 ......... TOTAL Result Count = 0   (0)
RULECHECK GTDUMCK_5 ......... TOTAL Result Count = 0   (0)
RULECHECK GTDUMCK_6 ......... TOTAL Result Count = 0   (0)
RULECHECK MnDUMCK_1 ......... TOTAL Result Count = 0   (0)
RULECHECK MnDUMCK_2 ......... TOTAL Result Count = 0   (0)
RULECHECK MnDUMCK_3 ......... TOTAL Result Count = 0   (0)
RULECHECK MnDUMCK_4 ......... TOTAL Result Count = 0   (0)
RULECHECK MnDUMCK_5 ......... TOTAL Result Count = 0   (0)
RULECHECK MnDUMCK_6 ......... TOTAL Result Count = 0   (0)
RULECHECK TM2DUMCK_1 ........ TOTAL Result Count = 0   (0)
RULECHECK TM2DUMCK_2 ........ TOTAL Result Count = 0   (0)
RULECHECK TM2DUMCK_3 ........ TOTAL Result Count = 0   (0)
RULECHECK TM2DUMCK_4 ........ TOTAL Result Count = 0   (0)
RULECHECK MTT2DUMCK_1 ....... NOT EXECUTED
RULECHECK MTT2DUMCK_2 ....... NOT EXECUTED
RULECHECK MTT2DUMCK_3 ....... NOT EXECUTED
RULECHECK MTT2DUMCK_4 ....... NOT EXECUTED
RULECHECK ESD_2_G ........... NOT EXECUTED
RULECHECK ESD_3_G ........... NOT EXECUTED
RULECHECK ESD_4a_G .......... NOT EXECUTED
RULECHECK ESD_4b_G .......... NOT EXECUTED
RULECHECK ESD_4d_G .......... NOT EXECUTED
RULECHECK ESD_5_G ........... NOT EXECUTED
RULECHECK ESD_6_G ........... NOT EXECUTED
RULECHECK ESD_7_G ........... NOT EXECUTED
RULECHECK ESD_8_G ........... NOT EXECUTED
RULECHECK ESD_9_G ........... NOT EXECUTED
RULECHECK ESD_14_G .......... NOT EXECUTED
RULECHECK ESD_15_G .......... NOT EXECUTED
RULECHECK ESD_16_G .......... NOT EXECUTED
RULECHECK ESD_17_G .......... NOT EXECUTED
RULECHECK ESD1_1 ............ TOTAL Result Count = 0   (0)
RULECHECK ESD1_2 ............ TOTAL Result Count = 0   (0)
RULECHECK ESD1_3 ............ TOTAL Result Count = 0   (0)
RULECHECK ESD1_4 ............ TOTAL Result Count = 0   (0)
RULECHECK ESD1_5 ............ TOTAL Result Count = 0   (0)
RULECHECK ESD1_6 ............ TOTAL Result Count = 0   (0)
RULECHECK ESD1_7 ............ TOTAL Result Count = 0   (0)
RULECHECK ESD1_8 ............ TOTAL Result Count = 0   (0)
RULECHECK LU_1_G ............ TOTAL Result Count = 0   (0)
RULECHECK LU_2_G ............ TOTAL Result Count = 0   (0)
RULECHECK LU_3a_G ........... TOTAL Result Count = 0   (0)
RULECHECK LU_3b_G ........... TOTAL Result Count = 0   (0)
RULECHECK LU_3d_G ........... TOTAL Result Count = 0   (0)
RULECHECK LU_4a_G ........... TOTAL Result Count = 0   (0)
RULECHECK LU_4b_G ........... TOTAL Result Count = 0   (0)
RULECHECK MOM_5_G ........... TOTAL Result Count = 0   (0)
RULECHECK MOM_6_G ........... TOTAL Result Count = 0   (0)
----------------------------------------------------------------------------------
--- RULECHECK RESULTS STATISTICS (BY CELL)
---
CELL PO20W .............. TOTAL Result Count = 7  (105)
    RULECHECK BD_2a ..... TOTAL Result Count = 7  (105)
CELL PVDD1W ............. TOTAL Result Count = 8  (16)
    RULECHECK BD_2a ..... TOTAL Result Count = 8  (16)
CELL PVDD2W ............. TOTAL Result Count = 8  (8)
    RULECHECK BD_2a ..... TOTAL Result Count = 8  (8)
CELL PVSS2W ............. TOTAL Result Count = 8  (8)
    RULECHECK BD_2a ..... TOTAL Result Count = 8  (8)
CELL PIDW ............... TOTAL Result Count = 8  (8)
    RULECHECK BD_2a ..... TOTAL Result Count = 8  (8)
CELL PIUW ............... TOTAL Result Count = 8  (8)
    RULECHECK BD_2a ..... TOTAL Result Count = 8  (8)
CELL PBD20W ............. TOTAL Result Count = 7  (56)
    RULECHECK BD_2a ..... TOTAL Result Count = 7  (56)
CELL PX3W ............... TOTAL Result Count = 16 (16)
    RULECHECK BD_2a ..... TOTAL Result Count = 16 (16)
CELL PVSS1W ............. TOTAL Result Count = 8  (8)
    RULECHECK BD_2a ..... TOTAL Result Count = 8  (8)
CELL aes ................ TOTAL Result Count = 56 (56)
    RULECHECK GT_7 ...... TOTAL Result Count = 1  (1)
    RULECHECK V1_11_R ... TOTAL Result Count = 5  (5)
    RULECHECK M2_6a ..... TOTAL Result Count = 1  (1)
    RULECHECK M3_3b_R ... TOTAL Result Count = 6  (6)
    RULECHECK M3_6a ..... TOTAL Result Count = 1  (1)
    RULECHECK M4_3b_R ... TOTAL Result Count = 2  (2)
    RULECHECK M4_6a ..... TOTAL Result Count = 1  (1)
    RULECHECK M5_3b_R ... TOTAL Result Count = 12 (12)
    RULECHECK M5_6a ..... TOTAL Result Count = 1  (1)
    RULECHECK M6_6a ..... TOTAL Result Count = 1  (1)
    RULECHECK M7_6a ..... TOTAL Result Count = 1  (1)
    RULECHECK TM2_7a .... TOTAL Result Count = 1  (1)
    RULECHECK BD_2a ..... TOTAL Result Count = 23 (23)
----------------------------------------------------------------------------------
--- SUMMARY
---
TOTAL CPU Time:                  171
TOTAL REAL Time:                 174
TOTAL Original Layer Geometries: 1168439 (5143053)
TOTAL DRC RuleChecks Executed:   479
TOTAL DRC Results Generated:     134 (289)
TOTAL DFM RDB Results Generated: 0 (0)
